[ag_news] preset=default N=8 T=6 dev=80 | 10 init prompts, 4 classes
[ag_news]   init 1/10 dev=0.7500 :: Give the main topic of the news article and then choose from World, Sp
[ag_news]   init 2/10 dev=0.8500 :: Determine the the topic of the item and then choose from World, Sports
[ag_news]   init 3/10 dev=0.8125 :: Your task is to classify the news item as "World", "Sports", "Tech" or
[ag_news]   init 4/10 dev=0.8750 :: Based on the main theme of given the news article, categorize it into 
[ag_news]   init 5/10 dev=0.8000 :: Determine the theme of the news item. Choose from World, Sports, Busin
[ag_news]   init 6/10 dev=0.8375 :: Your objective is to classify a news article into one of four themes: 
[ag_news]   init 7/10 dev=0.8500 :: Your task is to identify the primary topic of the news artical and cho
[ag_news]   init 8/10 dev=0.8125 :: Your job is to determine whether a news article belongs to the World, 
[ag_news]   init 9/10 dev=0.7375 :: You will be given a news article and asked to classify it as World, Sp
[ag_news]   init 10/10 dev=0.8375 :: Your responsibility is to assign a news article to one of four categor
[ag_news] iter 1/6 best_dev=0.8750 (+7 offspring) :: Based on the main theme of given the news article, categorize it into 
[ag_news] iter 2/6 best_dev=0.8750 (+8 offspring) :: Based on the main theme of given the news article, categorize it into 
[ag_news] iter 3/6 best_dev=0.8750 (+5 offspring) :: Based on the main theme of given the news article, categorize it into 
[ag_news] iter 4/6 best_dev=0.8750 (+8 offspring) :: Based on the main theme of given the news article, categorize it into 
[ag_news] iter 5/6 best_dev=0.8750 (+8 offspring) :: Based on the main theme of given the news article, categorize it into 
[ag_news] iter 6/6 best_dev=0.8750 (+7 offspring) :: Based on the main theme of given the news article, categorize it into 
[ag_news] scoring best on test (n=1000) ...
[ag_news] scoring manual-init on test ...
[ag_news] DONE best_test=0.869 manual_test=0.87 (28.1 min)
