[sst5] preset=default N=8 T=6 dev=80 | 10 init prompts, 5 classes
[sst5]   init 1/10 dev=0.5750 :: Please perform Sentiment Classification task. Given the sentence, assi
[sst5]   init 2/10 dev=0.0125 :: In this task, you are given movie reviews. Based on it, classify it to
[sst5]   init 3/10 dev=0.5750 :: Based on the given movie review provided to you and classify it into o
[sst5]   init 4/10 dev=0.5875 :: Your job is to evaluate the review and classify it as one of five clas
[sst5]   init 5/10 dev=0.6250 :: Examine the comment provided and classify it into one of five categori
[sst5]   init 6/10 dev=0.5250 :: Your objective is to analyze the movie review and allocate it to one o
[sst5]   init 7/10 dev=0.5625 :: Classify the movie review into one of five categories based on their q
[sst5]   init 8/10 dev=0.5375 :: Assess the movie review and categorize it into one of five classes, ra
[sst5]   init 9/10 dev=0.6250 :: Categorize the movie review provided into one of five degrees based on
[sst5]   init 10/10 dev=0.5125 :: Your goal is to analyze the movie review and assign it to one of five 
[sst5] iter 1/6 best_dev=0.6375 (+8 offspring) :: Your task is to analyze a movie review and assign it to one of five ca
[sst5] iter 2/6 best_dev=0.6625 (+7 offspring) :: Assess a movie review and assign it to one of five categories—terrible
[sst5] iter 3/6 best_dev=0.6875 (+8 offspring) :: Read the movie review, determine its sentiment from the set [terrible,
[sst5] iter 4/6 best_dev=0.6875 (+6 offspring) :: Read the movie review, determine its sentiment from the set [terrible,
[sst5] iter 5/6 best_dev=0.7375 (+7 offspring) :: Read the movie review and classify its sentiment using the options [te
[sst5] iter 6/6 best_dev=0.7375 (+8 offspring) :: Read the movie review and classify its sentiment using the options [te
[sst5] scoring best on test (n=1000) ...
[sst5] scoring manual-init on test ...
[sst5] DONE best_test=0.561 manual_test=0.557 (31.9 min)
