[ag_news] result.json present — skipping (already done)
[sst5] resume: search complete (best_dev=0.6875); recomputing manual_init
[sst5] scoring best on test (n=1000) ...
[sst5] scoring manual-init on test ...
[sst5] DONE best_test=0.562 manual_test=0.567 (124.0 min)
[trec] preset=default N=8 T=6 dev=80 | 10 init prompts, 6 classes
[trec]   init 1/10 dev=0.8000 :: Please perform Question Classification task. Given the question, assig
[trec]   init 2/10 dev=0.7250 :: Determine the type of the given question and choose from Description, 
[trec]   init 3/10 dev=0.7500 :: Your task is to choose a type of the question, from Description, Entit
[trec]   init 4/10 dev=0.7625 :: Analyze an English question and identify which category it belongs to:
[trec]   init 5/10 dev=0.8000 :: You are given a question. You need to detect which category better des
[trec]   init 6/10 dev=0.7750 :: Please select the correct classification for this sentence: Descriptio
[trec]   init 7/10 dev=0.7125 :: Classify this sentence into one of these categories: Description, Enti
[trec]   init 8/10 dev=0.7125 :: Identify the most suitable category for this sentence: Description, En
[trec]   init 9/10 dev=0.7250 :: Classify this sentence based on the provided categories: Description, 
[trec]   init 10/10 dev=0.7000 :: Determine the category that best describes this sentence: Description,
[trec] iter 1/6 best_dev=0.8000 (+7 offspring) :: Please perform Question Classification task. Given the question, assig
[trec] iter 2/6 best_dev=0.8250 (+6 offspring) :: Classify the provided English question into one of the following categ
[trec] iter 3/6 best_dev=0.8250 (+8 offspring) :: Classify the provided English question into one of the following categ
[trec] iter 4/6 best_dev=0.8250 (+6 offspring) :: Classify the provided English question into one of the following categ
[trec] iter 5/6 best_dev=0.8250 (+5 offspring) :: Classify the provided English question into one of the following categ
[trec] iter 6/6 best_dev=0.8250 (+6 offspring) :: Classify the provided English question into one of the following categ
[trec] scoring best on test (n=500) ...
[trec] scoring manual-init on test ...
[trec] DONE best_test=0.822 manual_test=0.818 (195.8 min)

=== SUMMARY (test accuracy) ===
  ag_news  EvoPrompt=0.8500  manual-init=0.8400
  sst5     EvoPrompt=0.5620  manual-init=0.5670
  trec     EvoPrompt=0.8220  manual-init=0.8180
