[ag_news] preset=default N=8 T=6 dev=80 | 10 init prompts, 4 classes
[ag_news]   init 1/10 dev=0.7500 :: Give the main topic of the news article and then choose from World, Sp
[ag_news]   init 2/10 dev=0.8500 :: Determine the the topic of the item and then choose from World, Sports
[ag_news]   init 3/10 dev=0.8125 :: Your task is to classify the news item as "World", "Sports", "Tech" or
[ag_news]   init 4/10 dev=0.8750 :: Based on the main theme of given the news article, categorize it into 
[ag_news]   init 5/10 dev=0.8000 :: Determine the theme of the news item. Choose from World, Sports, Busin
[ag_news]   init 6/10 dev=0.8375 :: Your objective is to classify a news article into one of four themes: 
[ag_news]   init 7/10 dev=0.8500 :: Your task is to identify the primary topic of the news artical and cho
[ag_news]   init 8/10 dev=0.8125 :: Your job is to determine whether a news article belongs to the World, 
[ag_news]   init 9/10 dev=0.7375 :: You will be given a news article and asked to classify it as World, Sp
[ag_news]   init 10/10 dev=0.8375 :: Your responsibility is to assign a news article to one of four categor
[ag_news] iter 1/6 best_dev=0.8750 (+7 offspring) :: Based on the main theme of given the news article, categorize it into 
[ag_news] iter 2/6 best_dev=0.8750 (+8 offspring) :: Based on the main theme of given the news article, categorize it into 
[ag_news] iter 3/6 best_dev=0.8750 (+5 offspring) :: Based on the main theme of given the news article, categorize it into 
[ag_news] iter 4/6 best_dev=0.8750 (+8 offspring) :: Based on the main theme of given the news article, categorize it into 
[ag_news] iter 5/6 best_dev=0.8750 (+8 offspring) :: Based on the main theme of given the news article, categorize it into 
[ag_news] iter 6/6 best_dev=0.8750 (+7 offspring) :: Based on the main theme of given the news article, categorize it into 
[ag_news] scoring best on test (n=1000) ...
[ag_news] scoring manual-init on test ...
[ag_news] DONE best_test=0.869 manual_test=0.87 (28.1 min)
[sst5] preset=default N=8 T=6 dev=80 | 10 init prompts, 5 classes
[sst5]   init 1/10 dev=0.5750 :: Please perform Sentiment Classification task. Given the sentence, assi
[sst5]   init 2/10 dev=0.0125 :: In this task, you are given movie reviews. Based on it, classify it to
[sst5]   init 3/10 dev=0.5750 :: Based on the given movie review provided to you and classify it into o
[sst5]   init 4/10 dev=0.5875 :: Your job is to evaluate the review and classify it as one of five clas
[sst5]   init 5/10 dev=0.6250 :: Examine the comment provided and classify it into one of five categori
[sst5]   init 6/10 dev=0.5250 :: Your objective is to analyze the movie review and allocate it to one o
[sst5]   init 7/10 dev=0.5625 :: Classify the movie review into one of five categories based on their q
[sst5]   init 8/10 dev=0.5375 :: Assess the movie review and categorize it into one of five classes, ra
[sst5]   init 9/10 dev=0.6250 :: Categorize the movie review provided into one of five degrees based on
[sst5]   init 10/10 dev=0.5125 :: Your goal is to analyze the movie review and assign it to one of five 
[sst5] iter 1/6 best_dev=0.6375 (+8 offspring) :: Your task is to analyze a movie review and assign it to one of five ca
[sst5] iter 2/6 best_dev=0.6625 (+7 offspring) :: Assess a movie review and assign it to one of five categories—terrible
[sst5] iter 3/6 best_dev=0.6875 (+8 offspring) :: Read the movie review, determine its sentiment from the set [terrible,
[sst5] iter 4/6 best_dev=0.6875 (+6 offspring) :: Read the movie review, determine its sentiment from the set [terrible,
[sst5] iter 5/6 best_dev=0.7375 (+7 offspring) :: Read the movie review and classify its sentiment using the options [te
[sst5] iter 6/6 best_dev=0.7375 (+8 offspring) :: Read the movie review and classify its sentiment using the options [te
[sst5] scoring best on test (n=1000) ...
[sst5] scoring manual-init on test ...
[sst5] DONE best_test=0.561 manual_test=0.557 (31.9 min)
[trec] preset=default N=8 T=6 dev=80 | 10 init prompts, 6 classes
[trec]   init 1/10 dev=0.7125 :: Please perform Question Classification task. Given the question, assig
[trec]   init 2/10 dev=0.8250 :: Determine the type of the given question and choose from Description, 
[trec]   init 3/10 dev=0.8250 :: Your task is to choose a type of the question, from Description, Entit
[trec]   init 4/10 dev=0.7750 :: Analyze an English question and identify which category it belongs to:
[trec]   init 5/10 dev=0.7625 :: You are given a question. You need to detect which category better des
[trec]   init 6/10 dev=0.6500 :: Please select the correct classification for this sentence: Descriptio
[trec]   init 7/10 dev=0.7000 :: Classify this sentence into one of these categories: Description, Enti
[trec]   init 8/10 dev=0.6750 :: Identify the most suitable category for this sentence: Description, En
[trec]   init 9/10 dev=0.6500 :: Classify this sentence based on the provided categories: Description, 
[trec]   init 10/10 dev=0.6375 :: Determine the category that best describes this sentence: Description,
[trec] iter 1/6 best_dev=0.8250 (+8 offspring) :: Determine the type of the given question and choose from Description, 
[trec] iter 2/6 best_dev=0.8250 (+8 offspring) :: Determine the type of the given question and choose from Description, 
[trec] iter 3/6 best_dev=0.8250 (+8 offspring) :: Determine the type of the given question and choose from Description, 
[trec] iter 4/6 best_dev=0.8250 (+8 offspring) :: Determine the type of the given question and choose from Description, 
[trec] iter 5/6 best_dev=0.8250 (+8 offspring) :: Determine the type of the given question and choose from Description, 
[trec] iter 6/6 best_dev=0.8250 (+8 offspring) :: Determine the type of the given question and choose from Description, 
[trec] scoring best on test (n=500) ...
[trec] scoring manual-init on test ...
[trec] DONE best_test=0.804 manual_test=0.828 (28.4 min)

=== SUMMARY (test accuracy) ===
  ag_news  EvoPrompt=0.8690  manual-init=0.8700
  sst5     EvoPrompt=0.5610  manual-init=0.5570
  trec     EvoPrompt=0.8040  manual-init=0.8280
